// Jest Snapshot v1, https://goo.gl/fbAQLP

exports[`should render CounterButton Component 1`] = `
<button
  onClick={[Function]}
>
  Count: 
  1
</button>
`;
